Experiment 2: adaptive hazard game vs phase adversary
cantor|moment|s0.0|g0.25           iters=1539 final=9.924e-07 hazard=   1.503 extinct
cantor|moment|s0.0|g0.5            iters= 639 final=9.835e-07 hazard=   1.248 extinct
cantor|moment|s0.0|g1.0            iters=  32 final=0.000e+00 hazard=   0.125 extinct
cantor|moment|s0.5|g0.25           iters=2014 final=9.932e-07 hazard=   1.551 extinct
cantor|moment|s0.5|g0.5            iters= 885 final=9.844e-07 hazard=   1.362 extinct
cantor|moment|s0.5|g1.0            iters= 292 final=9.780e-07 hazard=   0.891 extinct
cantor|moment|s1.0|g0.25           iters=2500 final=5.213e-06 hazard=   1.408 incomplete
cantor|moment|s1.0|g0.5            iters=1300 final=1.000e-06 hazard=   1.465 extinct
cantor|moment|s1.0|g1.0            iters= 515 final=9.935e-07 hazard=   1.161 extinct
cantor|coherence|s0.0|g0.25        iters=1539 final=9.924e-07 hazard=   1.503 extinct
cantor|coherence|s0.0|g0.5         iters= 639 final=9.835e-07 hazard=   1.248 extinct
cantor|coherence|s0.0|g1.0         iters=  32 final=0.000e+00 hazard=   0.125 extinct
cantor|coherence|s0.5|g0.25        iters=2259 final=9.993e-07 hazard=   1.569 extinct
cantor|coherence|s0.5|g0.5         iters=1007 final=9.991e-07 hazard=   1.400 extinct
cantor|coherence|s0.5|g1.0         iters= 351 final=9.976e-07 hazard=   0.983 extinct
cantor|coherence|s1.0|g0.25        iters=2500 final=1.644e-04 hazard=   1.031 incomplete
cantor|coherence|s1.0|g0.5         iters=1860 final=9.924e-07 hazard=   1.538 extinct
cantor|coherence|s1.0|g1.0         iters= 794 final=9.980e-07 hazard=   1.323 extinct
fourier_spikes|moment|s0.0|g0.25   iters= 958 final=9.923e-07 hazard=   0.936 extinct
fourier_spikes|moment|s0.0|g0.5    iters= 398 final=9.946e-07 hazard=   0.777 extinct
fourier_spikes|moment|s0.0|g1.0    iters=  20 final=0.000e+00 hazard=   0.078 extinct
fourier_spikes|moment|s0.5|g0.25   iters=1895 final=9.954e-07 hazard=   0.999 extinct
fourier_spikes|moment|s0.5|g0.5    iters= 873 final=9.975e-07 hazard=   0.917 extinct
fourier_spikes|moment|s0.5|g1.0    iters= 352 final=9.804e-07 hazard=   0.729 extinct
fourier_spikes|moment|s1.0|g0.25   iters=2500 final=6.942e-01 hazard=   0.024 incomplete
fourier_spikes|moment|s1.0|g0.5    iters=2500 final=5.714e-01 hazard=   0.038 incomplete
fourier_spikes|moment|s1.0|g1.0    iters=2500 final=3.823e-01 hazard=   0.064 incomplete
fourier_spikes|coherence|s0.0|g0.25 iters= 958 final=9.923e-07 hazard=   0.936 extinct
fourier_spikes|coherence|s0.0|g0.5 iters= 398 final=9.946e-07 hazard=   0.777 extinct
fourier_spikes|coherence|s0.0|g1.0 iters=  20 final=0.000e+00 hazard=   0.078 extinct
fourier_spikes|coherence|s0.5|g0.25 iters=1055 final=9.896e-07 hazard=   0.944 extinct
fourier_spikes|coherence|s0.5|g0.5 iters= 447 final=9.937e-07 hazard=   0.797 extinct
fourier_spikes|coherence|s0.5|g1.0 iters=  89 final=8.787e-07 hazard=   0.296 extinct
fourier_spikes|coherence|s1.0|g0.25 iters=1516 final=9.888e-07 hazard=   0.953 extinct
fourier_spikes|coherence|s1.0|g0.5 iters= 676 final=9.959e-07 hazard=   0.814 extinct
fourier_spikes|coherence|s1.0|g1.0 iters= 193 final=9.884e-07 hazard=   0.336 extinct
{
  "experiment": 2,
  "verdict": "ADVERSARY-CAN-STALL: 3/36 configurations fail to extinguish within 2500 rounds (worst fourier_spikes|moment|s1.0|g0.25 retains mass 0.694); under the oscillation-deficit rule (gamma_eff = gamma*|m|) wide multi-spike windows nearly null the realized gain, so mass plateaus far from 0 with cumulative hazard staying O(0.1) -- the adversary wins those rounds",
  "n_stalled": 3,
  "summary_table": {
    "cantor|moment|s0.0|g0.25": {
      "final_mass": 9.923738285073884e-07,
      "iterations": 1539,
      "hazard_sum": 1.5029,
      "status": "extinct"
    },
    "cantor|moment|s0.0|g0.5": {
      "final_mass": 9.834766387939453e-07,
      "iterations": 639,
      "hazard_sum": 1.248,
      "status": "extinct"
    },
    "cantor|moment|s0.0|g1.0": {
      "final_mass": 0.0,
      "iterations": 32,
      "hazard_sum": 0.125,
      "status": "extinct"
    },
    "cantor|moment|s0.5|g0.25": {
      "final_mass": 9.932248964995506e-07,
      "iterations": 2014,
      "hazard_sum": 1.5512,
      "status": "extinct"
    },
    "cantor|moment|s0.5|g0.5": {
      "final_mass": 9.844372236620252e-07,
      "iterations": 885,
      "hazard_sum": 1.3625,
      "status": "extinct"
    },
    "cantor|moment|s0.5|g1.0": {
      "final_mass": 9.780494623984602e-07,
      "iterations": 292,
      "hazard_sum": 0.8911,
      "status": "extinct"
    },
    "cantor|moment|s1.0|g0.25": {
      "final_mass": 5.213477197531897e-06,
      "iterations": 2500,
      "hazard_sum": 1.4083,
      "status": "incomplete"
    },
    "cantor|moment|s1.0|g0.5": {
      "final_mass": 9.99967821588833e-07,
      "iterations": 1300,
      "hazard_sum": 1.4647,
      "status": "extinct"
    },
    "cantor|moment|s1.0|g1.0": {
      "final_mass": 9.935290176202064e-07,
      "iterations": 515,
      "hazard_sum": 1.1612,
      "status": "extinct"
    },
    "cantor|coherence|s0.0|g0.25": {
      "final_mass": 9.923738285073884e-07,
      "iterations": 1539,
      "hazard_sum": 1.5029,
      "status": "extinct"
    },
    "cantor|coherence|s0.0|g0.5": {
      "final_mass": 9.834766387939453e-07,
      "iterations": 639,
      "hazard_sum": 1.248,
      "status": "extinct"
    },
    "cantor|coherence|s0.0|g1.0": {
      "final_mass": 0.0,
      "iterations": 32,
      "hazard_sum": 0.125,
      "status": "extinct"
    },
    "cantor|coherence|s0.5|g0.25": {
      "final_mass": 9.992690044355318e-07,
      "iterations": 2259,
      "hazard_sum": 1.569,
      "status": "extinct"
    },
    "cantor|coherence|s0.5|g0.5": {
      "final_mass": 9.991055186546783e-07,
      "iterations": 1007,
      "hazard_sum": 1.3995,
      "status": "extinct"
    },
    "cantor|coherence|s0.5|g1.0": {
      "final_mass": 9.975607446131999e-07,
      "iterations": 351,
      "hazard_sum": 0.9828,
      "status": "extinct"
    },
    "cantor|coherence|s1.0|g0.25": {
      "final_mass": 0.000164420325386084,
      "iterations": 2500,
      "hazard_sum": 1.0307,
      "status": "incomplete"
    },
    "cantor|coherence|s1.0|g0.5": {
      "final_mass": 9.923697176430278e-07,
      "iterations": 1860,
      "hazard_sum": 1.5378,
      "status": "extinct"
    },
    "cantor|coherence|s1.0|g1.0": {
      "final_mass": 9.98024199424303e-07,
      "iterations": 794,
      "hazard_sum": 1.3233,
      "status": "extinct"
    },
    "fourier_spikes|moment|s0.0|g0.25": {
      "final_mass": 9.922591867190045e-07,
      "iterations": 958,
      "hazard_sum": 0.9355,
      "status": "extinct"
    },
    "fourier_spikes|moment|s0.0|g0.5": {
      "final_mass": 9.945868058889567e-07,
      "iterations": 398,
      "hazard_sum": 0.7773,
      "status": "extinct"
    },
    "fourier_spikes|moment|s0.0|g1.0": {
      "final_mass": 0.0,
      "iterations": 20,
      "hazard_sum": 0.0781,
      "status": "extinct"
    },
    "fourier_spikes|moment|s0.5|g0.25": {
      "final_mass": 9.95379763833038e-07,
      "iterations": 1895,
      "hazard_sum": 0.9989,
      "status": "extinct"
    },
    "fourier_spikes|moment|s0.5|g0.5": {
      "final_mass": 9.974621232096073e-07,
      "iterations": 873,
      "hazard_sum": 0.9169,
      "status": "extinct"
    },
    "fourier_spikes|moment|s0.5|g1.0": {
      "final_mass": 9.80449690816395e-07,
      "iterations": 352,
      "hazard_sum": 0.7287,
      "status": "extinct"
    },
    "fourier_spikes|moment|s1.0|g0.25": {
      "final_mass": 0.6941674106702816,
      "iterations": 2500,
      "hazard_sum": 0.0241,
      "status": "stalled"
    },
    "fourier_spikes|moment|s1.0|g0.5": {
      "final_mass": 0.5714092167869158,
      "iterations": 2500,
      "hazard_sum": 0.0377,
      "status": "stalled"
    },
    "fourier_spikes|moment|s1.0|g1.0": {
      "final_mass": 0.3822514632497793,
      "iterations": 2500,
      "hazard_sum": 0.0636,
      "status": "stalled"
    },
    "fourier_spikes|coherence|s0.0|g0.25": {
      "final_mass": 9.922591867190045e-07,
      "iterations": 958,
      "hazard_sum": 0.9355,
      "status": "extinct"
    },
    "fourier_spikes|coherence|s0.0|g0.5": {
      "final_mass": 9.945868058889567e-07,
      "iterations": 398,
      "hazard_sum": 0.7773,
      "status": "extinct"
    },
    "fourier_spikes|coherence|s0.0|g1.0": {
      "final_mass": 0.0,
      "iterations": 20,
      "hazard_sum": 0.0781,
      "status": "extinct"
    },
    "fourier_spikes|coherence|s0.5|g0.25": {
      "final_mass": 9.896145765887054e-07,
      "iterations": 1055,
      "hazard_sum": 0.9445,
      "status": "extinct"
    },
    "fourier_spikes|coherence|s0.5|g0.5": {
      "final_mass": 9.936793002348862e-07,
      "iterations": 447,
      "hazard_sum": 0.7967,
      "status": "extinct"
    },
    "fourier_spikes|coherence|s0.5|g1.0": {
      "final_mass": 8.787013183692814e-07,
      "iterations": 89,
      "hazard_sum": 0.2958,
      "status": "extinct"
    },
    "fourier_spikes|coherence|s1.0|g0.25": {
      "final_mass": 9.887636037156623e-07,
      "iterations": 1516,
      "hazard_sum": 0.9529,
      "status": "extinct"
    },
    "fourier_spikes|coherence|s1.0|g0.5": {
      "final_mass": 9.958991914674646e-07,
      "iterations": 676,
      "hazard_sum": 0.8141,
      "status": "extinct"
    },
    "fourier_spikes|coherence|s1.0|g1.0": {
      "final_mass": 9.884320458327412e-07,
      "iterations": 193,
      "hazard_sum": 0.3357,
      "status": "extinct"
    }
  }
}
