Experiment 4: root-of-unity Zeno reproduction (prop line 1741)
[haar] n=  4  margin Phi: median=1.372e-02 min=2.972e-02  Psi min=4.452e-02
[haar] n= 16  margin Phi: median=3.111e-03 min=1.034e-02  Psi min=4.452e-02
[haar] n= 64  margin Phi: median=8.264e-04 min=4.487e-03  Psi min=4.452e-02
{
  "seed": 20260825,
  "betas": [
    0.25,
    0.5,
    0.75
  ],
  "rhos": [
    0.5,
    1.0,
    2.0
  ],
  "ns_deterministic": [
    1,
    2,
    4,
    8,
    16,
    32,
    64,
    128,
    256
  ],
  "deterministic_table": {
    "beta0.25_rho0.5": {
      "ns": [
        1,
        2,
        4,
        8,
        16,
        32,
        64,
        128,
        256
      ],
      "Q_lit": [
        0.9554751213996628,
        0.9554751213996628,
        0.9554751213996628,
        0.9554751213996628,
        0.9554751213996627,
        0.9554751213996628,
        0.9554751213996628,
        0.9554751213996628,
        0.9554751213996628
      ],
      "Q_prob": [
        0.9554751213996628,
        0.9912672552447337,
        0.99960967386327,
        0.9999991889724396,
        0.999999999996492,
        1.0,
        1.0,
        1.0,
        1.0
      ],
      "gap_prob": [
        0.04452487860033716,
        0.008732744755266308,
        0.0003903261367299571,
        8.110275604433781e-07,
        3.507971690908107e-12,
        0.0,
        0.0,
        0.0,
        0.0
      ],
      "fourier_scale_gap": [
        0.27154031740762186,
        0.04778372711978228,
        0.002084111360393276,
        4.3254905545124445e-06,
        1.8709706679857336e-11,
        3.5005312403319943e-22,
        1.225371896454025e-43,
        1.5015362846193339e-86,
        2.254611214028434e-172
      ],
      "C_beta_rho_analytic_anchor": 0.9554751213996628
    },
    "beta0.5_rho0.5": {
      "ns": [
        1,
        2,
        4,
        8,
        16,
        32,
        64,
        128,
        256
      ],
      "Q_lit": [
        0.9408621592493498,
        0.9408621592493499,
        0.9408621592493499,
        0.9408621592493499,
        0.9408621592493498,
        0.94086215924935,
        0.94086215924935,
        0.9408621592493499,
        0.94086215924935
      ],
      "Q_prob": [
        0.9408621592493498,
        0.9883648757310256,
        0.9994795820848114,
        0.9999989186299926,
        0.9999999999953226,
        1.0,
        1.0,
        1.0,
        1.0
      ],
      "gap_prob": [
        0.059137840750650206,
        0.011635124268974395,
        0.0005204179151886423,
        1.0813700074274735e-06,
        4.6773696027457845e-12,
        0.0,
        0.0,
        0.0,
        0.0
      ],
      "fourier_scale_gap": [
        0.27154031740762186,
        0.04778372711978228,
        0.002084111360393276,
        4.3254905545124445e-06,
        1.8709706679857336e-11,
        3.5005312403319943e-22,
        1.225371896454025e-43,
        1.5015362846193339e-86,
        2.254611214028434e-172
      ],
      "C_beta_rho_analytic_anchor": 0.94086215924935
    },
    "beta0.75_rho0.5": {
      "ns": [
        1,
        2,
        4,
        8,
        16,
        32,
        64,
        128,
        256
      ],
      "Q_lit": [
        0.955475121399663,
        0.9554751213996628,
        0.9554751213996628,
        0.9554751213996628,
        0.9554751213996628,
        0.9554751213996628,
        0.9554751213996628,
        0.9554751213996628,
        0.9554751213996628
      ],
      "Q_prob": [
        0.955475121399663,
        0.9912672552447338,
        0.9996096738632703,
        0.9999991889724398,
        0.9999999999964921,
        1.0,
        1.0,
        1.0,
        1.0
      ],
      "gap_prob": [
        0.04452487860033705,
        0.008732744755266197,
        0.00039032613672973504,
        8.110275602213335e-07,
        3.5078606686056446e-12,
        0.0,
        0.0,
        0.0,
        0.0
      ],
      "fourier_scale_gap": [
        0.27154031740762186,
        0.04778372711978228,
        0.002084111360393276,
        4.3254905545124445e-06,
        1.8709706679857336e-11,
        3.5005312403319943e-22,
        1.225371896454025e-43,
        1.5015362846193339e-86,
        2.254611214028434e-172
      ],
      "C_beta_rho_analytic_anchor": 0.9554751213996628
    },
    "beta0.25_rho1.0": {
      "ns": [
        1,
        2,
        4,
        8,
        16,
        32,
        64,
        128,
        256
      ],
      "Q_lit": [
        0.8444348711211542,
        0.8444348711211542,
        0.8444348711211542,
        0.8444348711211542,
        0.8444348711211542,
        0.8444348711211542,
        0.8444348711211542,
        0.8444348711211542,
        0.8444348711211542
      ],
      "Q_prob": [
        0.8444348711211542,
        0.9246340590386906,
        0.9776058907832824,
        0.9975839114141218,
        0.9999692256518755,
        0.9999999949497618,
        0.9999999999999998,
        1.0,
        1.0
      ],
      "gap_prob": [
        0.15556512887884577,
        0.07536594096130944,
        0.022394109216717584,
        0.0024160885858781622,
        3.0774348124484874e-05,
        5.050238227610748e-09,
        2.220446049250313e-16,
        0.0,
        0.0
      ],
      "fourier_scale_gap": [
        1.3810978455418152,
        0.5069994799794276,
        0.12763088651478816,
        0.012977088558377474,
        0.00016414458969818765,
        2.6934603988145743e-08,
        7.254728529175888e-16,
        5.263108603203845e-31,
        2.770031216911834e-61
      ],
      "C_beta_rho_analytic_anchor": 0.8444348711211542
    },
    "beta0.5_rho1.0": {
      "ns": [
        1,
        2,
        4,
        8,
        16,
        32,
        64,
        128,
        256
      ],
      "Q_lit": [
        0.795651695605974,
        0.795651695605974,
        0.795651695605974,
        0.795651695605974,
        0.795651695605974,
        0.795651695605974,
        0.795651695605974,
        0.795651695605974,
        0.795651695605974
      ],
      "Q_prob": [
        0.795651695605974,
        0.9001846408727948,
        0.9701979631076455,
        0.9967791984692593,
        0.9999589676410658,
        0.999999993266349,
        0.9999999999999998,
        1.0,
        1.0
      ],
      "gap_prob": [
        0.20434830439402596,
        0.09981535912720518,
        0.0298020368923545,
        0.003220801530740669,
        4.1032358934156576e-05,
        6.733650970147664e-09,
        2.220446049250313e-16,
        0.0,
        0.0
      ],
      "fourier_scale_gap": [
        1.3810978455418152,
        0.5069994799794276,
        0.12763088651478816,
        0.012977088558377474,
        0.00016414458969818765,
        2.6934603988145743e-08,
        7.254728529175888e-16,
        5.263108603203845e-31,
        2.770031216911834e-61
      ],
      "C_beta_rho_analytic_anchor": 0.795651695605974
    },
    "beta0.75_rho1.0": {
      "ns": [
        1,
        2,
        4,
        8,
        16,
        32,
        64,
        128,
        256
      ],
      "Q_lit": [
        0.8444348711211543,
        0.8444348711211542,
        0.8444348711211542,
        0.8444348711211542,
        0.8444348711211542,
        0.8444348711211542,
        0.8444348711211542,
        0.8444348711211542,
        0.8444348711211542
      ],
      "Q_prob": [
        0.8444348711211543,
        0.9246340590386904,
        0.9776058907832825,
        0.9975839114141218,
        0.9999692256518755,
        0.9999999949497619,
        1.0,
        1.0,
        1.0
      ],
      "gap_prob": [
        0.15556512887884566,
        0.07536594096130955,
        0.022394109216717473,
        0.0024160885858781622,
        3.0774348124484874e-05,
        5.050238116588446e-09,
        0.0,
        0.0,
        0.0
      ],
      "fourier_scale_gap": [
        1.3810978455418152,
        0.5069994799794276,
        0.12763088651478816,
        0.012977088558377474,
        0.00016414458969818765,
        2.6934603988145743e-08,
        7.254728529175888e-16,
        5.263108603203845e-31,
        2.770031216911834e-61
      ],
      "C_beta_rho_analytic_anchor": 0.8444348711211543
    },
    "beta0.25_rho2.0": {
      "ns": [
        1,
        2,
        4,
        8,
        16,
        32,
        64,
        128,
        256
      ],
      "Q_lit": [
        0.576139057029377,
        0.576139057029377,
        0.576139057029377,
        0.576139057029377,
        0.576139057029377,
        0.576139057029377,
        0.5761390570293771,
        0.576139057029377,
        0.576139057029377
      ],
      "Q_prob": [
        0.576139057029377,
        0.66649858922184,
        0.7614096291314947,
        0.8537817351746742,
        0.9317685201946795,
        0.981191496680258,
        0.9982691170570093,
        0.9999841540097965,
        0.9999999986609269
      ],
      "gap_prob": [
        0.42386094297062304,
        0.33350141077816,
        0.23859037086850532,
        0.14621826482532585,
        0.06823147980532052,
        0.018808503319742043,
        0.0017308829429907302,
        1.5845990203544602e-05,
        1.3390730746465351e-09
      ],
      "fourier_scale_gap": [
        13.15411641800825,
        6.336212957372549,
        2.936391456170072,
        1.2545710949762436,
        0.4485280296867086,
        0.10604715259763504,
        0.009278154782068998,
        8.451585381358746e-05,
        7.1417223683123704e-09
      ],
      "C_beta_rho_analytic_anchor": 0.5761390570293771
    },
    "beta0.5_rho2.0": {
      "ns": [
        1,
        2,
        4,
        8,
        16,
        32,
        64,
        128,
        256
      ],
      "Q_lit": [
        0.46409929404960526,
        0.4640992940496051,
        0.46409929404960515,
        0.46409929404960526,
        0.46409929404960526,
        0.46409929404960526,
        0.46409929404960526,
        0.46409929404960526,
        0.46409929404960526
      ],
      "Q_prob": [
        0.46409929404960526,
        0.5719303912397831,
        0.689661349869147,
        0.8077339578780506,
        0.9095725998609143,
        0.9749619251241032,
        0.9976924894406236,
        0.9999788720409617,
        0.9999999982145691
      ],
      "gap_prob": [
        0.5359007059503947,
        0.42806960876021694,
        0.31033865013085304,
        0.19226604212194942,
        0.09042740013908568,
        0.02503807487589682,
        0.002307510559376391,
        2.112795903830289e-05,
        1.7854309142251168e-09
      ],
      "fourier_scale_gap": [
        13.15411641800825,
        6.336212957372549,
        2.936391456170072,
        1.2545710949762436,
        0.4485280296867086,
        0.10604715259763504,
        0.009278154782068998,
        8.451585381358746e-05,
        7.1417223683123704e-09
      ],
      "C_beta_rho_analytic_anchor": 0.46409929404960526
    },
    "beta0.75_rho2.0": {
      "ns": [
        1,
        2,
        4,
        8,
        16,
        32,
        64,
        128,
        256
      ],
      "Q_lit": [
        0.5761390570293767,
        0.5761390570293763,
        0.5761390570293766,
        0.5761390570293766,
        0.5761390570293767,
        0.5761390570293767,
        0.5761390570293767,
        0.5761390570293767,
        0.5761390570293767
      ],
      "Q_prob": [
        0.5761390570293767,
        0.6664985892218394,
        0.761409629131494,
        0.8537817351746737,
        0.9317685201946789,
        0.9811914966802575,
        0.9982691170570088,
        0.999984154009796,
        0.9999999986609265
      ],
      "gap_prob": [
        0.42386094297062327,
        0.33350141077816065,
        0.23859037086850599,
        0.1462182648253263,
        0.06823147980532107,
        0.018808503319742487,
        0.0017308829429911743,
        1.584599020398869e-05,
        1.339073518735745e-09
      ],
      "fourier_scale_gap": [
        13.15411641800825,
        6.336212957372549,
        2.936391456170072,
        1.2545710949762436,
        0.4485280296867086,
        0.10604715259763504,
        0.009278154782068998,
        8.451585381358746e-05,
        7.1417223683123704e-09
      ],
      "C_beta_rho_analytic_anchor": 0.5761390570293768
    }
  },
  "gap_fits": {
    "beta0.25_rho0.5": {
      "measured_loggap_slope_per_n": NaN,
      "predicted_2log_tanh_rho": -1.5438736658106096,
      "slope_ratio": null
    },
    "beta0.5_rho0.5": {
      "measured_loggap_slope_per_n": NaN,
      "predicted_2log_tanh_rho": -1.5438736658106096,
      "slope_ratio": null
    },
    "beta0.75_rho0.5": {
      "measured_loggap_slope_per_n": NaN,
      "predicted_2log_tanh_rho": -1.5438736658106096,
      "slope_ratio": null
    },
    "beta0.25_rho1.0": {
      "measured_loggap_slope_per_n": -0.5448919794988469,
      "predicted_2log_tanh_rho": -0.5446829378236632,
      "slope_ratio": 1.000383785980187
    },
    "beta0.5_rho1.0": {
      "measured_loggap_slope_per_n": -0.5448847506355409,
      "predicted_2log_tanh_rho": -0.5446829378236632,
      "slope_ratio": 1.000370514289807
    },
    "beta0.75_rho1.0": {
      "measured_loggap_slope_per_n": -0.5448919804802568,
      "predicted_2log_tanh_rho": -0.5446829378236632,
      "slope_ratio": 1.0003837877819872
    },
    "beta0.25_rho2.0": {
      "measured_loggap_slope_per_n": -0.07413829335658671,
      "predicted_2log_tanh_rho": -0.07327074948739257,
      "slope_ratio": 1.0118402483291564
    },
    "beta0.5_rho2.0": {
      "measured_loggap_slope_per_n": -0.07410379909246119,
      "predicted_2log_tanh_rho": -0.07327074948739257,
      "slope_ratio": 1.0113694702305722
    },
    "beta0.75_rho2.0": {
      "measured_loggap_slope_per_n": -0.0741382920896364,
      "predicted_2log_tanh_rho": -0.07327074948739257,
      "slope_ratio": 1.0118402310378047
    }
  },
  "haar_mc": {
    "n4": {
      "draws": {
        "beta0.25_rho0.5": {
          "phi_max": 0.9984216037907847,
          "phi_median": 0.9861033363580352,
          "phi_min": 0.9692432697523073,
          "psi_max": 0.9554751213996628
        },
        "beta0.25_rho1.0": {
          "phi_max": 0.9737592922510991,
          "phi_median": 0.9292677795521904,
          "phi_min": 0.888794107969678,
          "psi_max": 0.8444348711211542
        },
        "beta0.25_rho2.0": {
          "phi_max": 0.7581297020103146,
          "phi_median": 0.7072735353449056,
          "phi_min": 0.6472543653364367,
          "psi_max": 0.5761390570293771
        },
        "beta0.5_rho0.5": {
          "phi_max": 0.9979069880553483,
          "phi_median": 0.981614784066138,
          "phi_min": 0.9597853701402674,
          "psi_max": 0.94086215924935
        },
        "beta0.5_rho1.0": {
          "phi_max": 0.9655334558414899,
          "phi_median": 0.9085234263807713,
          "phi_min": 0.8589474574643403,
          "psi_max": 0.795651695605974
        },
        "beta0.5_rho2.0": {
          "phi_max": 0.6870265763878295,
          "phi_median": 0.639404239176387,
          "phi_min": 0.5656667995634987,
          "psi_max": 0.46409929404960526
        },
        "beta0.75_rho0.5": {
          "phi_max": 0.9984383062070479,
          "phi_median": 0.9862782329102369,
          "phi_min": 0.9702765101319615,
          "psi_max": 0.955475121399663
        },
        "beta0.75_rho1.0": {
          "phi_max": 0.9744016551072014,
          "phi_median": 0.9322240167134146,
          "phi_min": 0.8972978760390371,
          "psi_max": 0.8444348711211542
        },
        "beta0.75_rho2.0": {
          "phi_max": 0.7601727603544156,
          "phi_median": 0.73241084647759,
          "phi_min": 0.673393230168958,
          "psi_max": 0.5761390570293768
        }
      },
      "phi_max_over_haar": {
        "beta0.25_rho0.5": 0.9984216037907847,
        "beta0.25_rho1.0": 0.9737592922510991,
        "beta0.25_rho2.0": 0.7581297020103146,
        "beta0.5_rho0.5": 0.9979069880553483,
        "beta0.5_rho1.0": 0.9655334558414899,
        "beta0.5_rho2.0": 0.6870265763878295,
        "beta0.75_rho0.5": 0.9984383062070479,
        "beta0.75_rho1.0": 0.9744016551072014,
        "beta0.75_rho2.0": 0.7601727603544156
      },
      "psi_max_over_haar": {
        "beta0.25_rho0.5": 0.9554751213996628,
        "beta0.25_rho1.0": 0.8444348711211542,
        "beta0.25_rho2.0": 0.5761390570293771,
        "beta0.5_rho0.5": 0.94086215924935,
        "beta0.5_rho1.0": 0.795651695605974,
        "beta0.5_rho2.0": 0.46409929404960526,
        "beta0.75_rho0.5": 0.955475121399663,
        "beta0.75_rho1.0": 0.8444348711211542,
        "beta0.75_rho2.0": 0.5761390570293768
      },
      "phi_median_margin": 0.013721767089763137,
      "phi_min_margin": 0.029723489868038522,
      "psi_min_margin": 0.04452487860033705
    },
    "n16": {
      "draws": {
        "beta0.25_rho0.5": {
          "phi_max": 0.9996511430056685,
          "phi_median": 0.9968371401271942,
          "phi_min": 0.989144755621099,
          "psi_max": 0.9554751213996628
        },
        "beta0.25_rho1.0": {
          "phi_max": 0.9932811229094102,
          "phi_median": 0.9811675614668742,
          "phi_min": 0.9553514241377009,
          "psi_max": 0.8444348711211542
        },
        "beta0.25_rho2.0": {
          "phi_max": 0.8887014371620785,
          "phi_median": 0.8625933855036807,
          "phi_min": 0.8260779244820404,
          "psi_max": 0.5761390570293771
        },
        "beta0.5_rho0.5": {
          "phi_max": 0.9995356988713626,
          "phi_median": 0.9958190708655753,
          "phi_min": 0.9858880661103957,
          "psi_max": 0.94086215924935
        },
        "beta0.5_rho1.0": {
          "phi_max": 0.9911465080900194,
          "phi_median": 0.9753321809235345,
          "phi_min": 0.9446757572077105,
          "psi_max": 0.795651695605974
        },
        "beta0.5_rho2.0": {
          "phi_max": 0.8577308830024608,
          "phi_median": 0.831071678810468,
          "phi_min": 0.791954114617796,
          "psi_max": 0.46409929404960526
        },
        "beta0.75_rho0.5": {
          "phi_max": 0.9996523745528356,
          "phi_median": 0.9968890295639219,
          "phi_min": 0.9896598107631472,
          "psi_max": 0.955475121399663
        },
        "beta0.75_rho1.0": {
          "phi_max": 0.9934230840102825,
          "phi_median": 0.9817311987303969,
          "phi_min": 0.9610354048483302,
          "psi_max": 0.8444348711211542
        },
        "beta0.75_rho2.0": {
          "phi_max": 0.8951298402871081,
          "phi_median": 0.8792034690631374,
          "phi_min": 0.8501511719037962,
          "psi_max": 0.5761390570293768
        }
      },
      "phi_max_over_haar": {
        "beta0.25_rho0.5": 0.9996511430056685,
        "beta0.25_rho1.0": 0.9932811229094102,
        "beta0.25_rho2.0": 0.8887014371620785,
        "beta0.5_rho0.5": 0.9995356988713626,
        "beta0.5_rho1.0": 0.9911465080900194,
        "beta0.5_rho2.0": 0.8577308830024608,
        "beta0.75_rho0.5": 0.9996523745528356,
        "beta0.75_rho1.0": 0.9934230840102825,
        "beta0.75_rho2.0": 0.8951298402871081
      },
      "psi_max_over_haar": {
        "beta0.25_rho0.5": 0.9554751213996628,
        "beta0.25_rho1.0": 0.8444348711211542,
        "beta0.25_rho2.0": 0.5761390570293771,
        "beta0.5_rho0.5": 0.94086215924935,
        "beta0.5_rho1.0": 0.795651695605974,
        "beta0.5_rho2.0": 0.46409929404960526,
        "beta0.75_rho0.5": 0.955475121399663,
        "beta0.75_rho1.0": 0.8444348711211542,
        "beta0.75_rho2.0": 0.5761390570293768
      },
      "phi_median_margin": 0.0031109704360781087,
      "phi_min_margin": 0.01034018923685276,
      "psi_min_margin": 0.04452487860033705
    },
    "n64": {
      "draws": {
        "beta0.25_rho0.5": {
          "phi_max": 0.9999359955241415,
          "phi_median": 0.9991664503402224,
          "phi_min": 0.9954876716605546,
          "psi_max": 0.9554751213996628
        },
        "beta0.25_rho1.0": {
          "phi_max": 0.998374144936196,
          "phi_median": 0.9954891557086059,
          "phi_min": 0.9867023167822406,
          "psi_max": 0.8444348711211542
        },
        "beta0.25_rho2.0": {
          "phi_max": 0.9666427811205986,
          "phi_median": 0.9581627557864956,
          "phi_min": 0.9417973803672459,
          "psi_max": 0.5761390570293772
        },
        "beta0.5_rho0.5": {
          "phi_max": 0.9999146511802162,
          "phi_median": 0.9988934807655226,
          "phi_min": 0.9940028413102596,
          "psi_max": 0.94086215924935
        },
        "beta0.5_rho1.0": {
          "phi_max": 0.9978115621702859,
          "phi_median": 0.9940506074517457,
          "phi_min": 0.982462041314667,
          "psi_max": 0.795651695605974
        },
        "beta0.5_rho2.0": {
          "phi_max": 0.9570160688009721,
          "phi_median": 0.947023684822729,
          "phi_min": 0.9290412205211813,
          "psi_max": 0.46409929404960526
        },
        "beta0.75_rho0.5": {
          "phi_max": 0.9999359803499446,
          "phi_median": 0.9991735925798486,
          "phi_min": 0.9955130097979838,
          "psi_max": 0.955475121399663
        },
        "beta0.75_rho1.0": {
          "phi_max": 0.9983422227929066,
          "phi_median": 0.9955868223669594,
          "phi_min": 0.9869551704080771,
          "psi_max": 0.8444348711211542
        },
        "beta0.75_rho2.0": {
          "phi_max": 0.9685169114060643,
          "phi_median": 0.9611631205099711,
          "phi_min": 0.9498918356301498,
          "psi_max": 0.5761390570293768
        }
      },
      "phi_max_over_haar": {
        "beta0.25_rho0.5": 0.9999359955241415,
        "beta0.25_rho1.0": 0.998374144936196,
        "beta0.25_rho2.0": 0.9666427811205986,
        "beta0.5_rho0.5": 0.9999146511802162,
        "beta0.5_rho1.0": 0.9978115621702859,
        "beta0.5_rho2.0": 0.9570160688009721,
        "beta0.75_rho0.5": 0.9999359803499446,
        "beta0.75_rho1.0": 0.9983422227929066,
        "beta0.75_rho2.0": 0.9685169114060643
      },
      "psi_max_over_haar": {
        "beta0.25_rho0.5": 0.9554751213996628,
        "beta0.25_rho1.0": 0.8444348711211542,
        "beta0.25_rho2.0": 0.5761390570293772,
        "beta0.5_rho0.5": 0.94086215924935,
        "beta0.5_rho1.0": 0.795651695605974,
        "beta0.5_rho2.0": 0.46409929404960526,
        "beta0.75_rho0.5": 0.955475121399663,
        "beta0.75_rho1.0": 0.8444348711211542,
        "beta0.75_rho2.0": 0.5761390570293768
      },
      "phi_median_margin": 0.0008264074201513871,
      "phi_min_margin": 0.00448699020201615,
      "psi_min_margin": 0.04452487860033705
    }
  },
  "literal_spread_over_n": {
    "beta0.25_rho0.5": 1.1102230246251565e-16,
    "beta0.5_rho0.5": 2.220446049250313e-16,
    "beta0.75_rho0.5": 1.1102230246251565e-16,
    "beta0.25_rho1.0": 0.0,
    "beta0.5_rho1.0": 0.0,
    "beta0.75_rho1.0": 1.1102230246251565e-16,
    "beta0.25_rho2.0": 1.1102230246251565e-16,
    "beta0.5_rho2.0": 1.6653345369377348e-16,
    "beta0.75_rho2.0": 4.440892098500626e-16
  }
}
{"experiment": "root_zeno", "verdict": "REPRODUCED: literal trace Q_lit is n-independent (spread 4.4e-16 -- no contraction from grouping alone), while the source-faithful functional Q_prob -> 1 with gap ~ exp(2 n log tanh(rho)) (median measured/predicted log-gap slope 1.006), giving the log N / (2 rho) group-length law of prop:grouped-root-zeno; at fixed n the Haar-random functional stays strictly below 1 (min margin 8.264e-04)", "gap_decays_with_n": true, "fixed_n_gap_positive": true, "literal_trace_n_independent": true, "median_loggap_slope_ratio_vs_prediction": 1.0058766290062797, "min_haar_margin": 0.00448699020201615, "min_haar_median_margin": 0.0008264074201513871}
